[2025-11-10 15:23:42] [ACTIVITY] Employee schedule update request started
[2025-11-10 15:23:42] [ACTIVITY] Old schedule periods and assignments deleted - Schedule ID: 1
[2025-11-10 15:23:42] [ACTIVITY] New schedule periods and assignments created - Schedule ID: 1, Blocks: 1
[2025-11-10 15:23:42] [ACTIVITY] Employee schedule updated successfully - Employee ID: MA22013612
[2025-11-10 15:24:47] [ACTIVITY] Employee schedule update request started
[2025-11-10 15:24:47] [ACTIVITY] Old schedule periods and assignments deleted - Schedule ID: 1
[2025-11-10 15:24:47] [ACTIVITY] New schedule periods and assignments created - Schedule ID: 1, Blocks: 2
[2025-11-10 15:24:47] [ACTIVITY] Employee schedule updated successfully - Employee ID: MA22013612
[2025-11-10 15:34:03] [ACTIVITY] Employee schedule update request started
[2025-11-10 15:34:03] [ACTIVITY] Old schedule periods and assignments deleted - Schedule ID: 1
[2025-11-10 15:34:03] [ACTIVITY] New schedule periods and assignments created - Schedule ID: 1, Blocks: 1
[2025-11-10 15:34:03] [ACTIVITY] Employee schedule updated successfully - Employee ID: MA22013612
[2025-11-10 15:46:38] [ACTIVITY] Employee schedule update request started
[2025-11-10 15:46:38] [ACTIVITY] Old schedule periods and assignments deleted - Schedule ID: 1
[2025-11-10 15:46:38] [ACTIVITY] New schedule periods and assignments created - Schedule ID: 1, Blocks: 2
[2025-11-10 15:46:38] [ACTIVITY] Employee schedule updated successfully - Employee ID: MA22013612
[2025-11-10 15:47:54] [ACTIVITY] Employee schedule update request started
[2025-11-10 15:47:54] [ACTIVITY] Old schedule periods and assignments deleted - Schedule ID: 1
[2025-11-10 15:47:54] [ACTIVITY] New schedule periods and assignments created - Schedule ID: 1, Blocks: 3
[2025-11-10 15:47:54] [ACTIVITY] Employee schedule updated successfully - Employee ID: MA22013612
[2025-11-10 16:03:38] [ACTIVITY] Employee schedule update request started
[2025-11-10 16:03:38] [ACTIVITY] Old schedule periods and assignments deleted - Schedule ID: 1
[2025-11-10 16:03:38] [ACTIVITY] New schedule periods and assignments created - Schedule ID: 1, Blocks: 3
[2025-11-10 16:03:38] [ACTIVITY] Employee schedule updated successfully - Employee ID: MA22013612
[2025-11-11 13:34:48] [ACTIVITY] Employee schedule update request started
[2025-11-11 13:34:48] [ACTIVITY] Old schedule periods and assignments deleted - Schedule ID: 2
[2025-11-11 13:34:48] [ACTIVITY] New schedule periods and assignments created - Schedule ID: 2, Blocks: 1
[2025-11-11 13:34:48] [ACTIVITY] Employee schedule updated successfully - Employee ID: MA22013613
[2025-11-11 15:14:00] [ACTIVITY] Employee schedule update request started
[2025-11-11 15:14:00] [ACTIVITY] Old schedule periods and assignments deleted - Schedule ID: 1
[2025-11-11 15:14:00] [ACTIVITY] New schedule periods and assignments created - Schedule ID: 1, Blocks: 4
[2025-11-11 15:14:00] [ACTIVITY] Employee schedule updated successfully - Employee ID: MA22013612
[2025-11-12 08:17:46] [ACTIVITY] Employee schedule update request started
[2025-11-12 08:17:46] [ACTIVITY] Old schedule periods and assignments deleted - Schedule ID: 1
[2025-11-12 08:17:46] [ACTIVITY] New schedule periods and assignments created - Schedule ID: 1, Blocks: 2
[2025-11-12 08:17:46] [ACTIVITY] Employee schedule updated successfully - Employee ID: MA22013613
[2025-11-12 11:45:50] [ACTIVITY] Employee schedule update request started
[2025-11-12 11:45:50] [ACTIVITY] Old schedule periods and assignments deleted - Schedule ID: 1
[2025-11-12 11:45:50] [ACTIVITY] New schedule periods and assignments created - Schedule ID: 1, Blocks: 2
[2025-11-12 11:45:50] [ACTIVITY] Employee schedule updated successfully - Employee ID: MA22013613
[2025-11-12 11:46:11] [ACTIVITY] Employee schedule update request started
[2025-11-12 11:46:11] [ACTIVITY] Old schedule periods and assignments deleted - Schedule ID: 1
[2025-11-12 11:46:11] [ACTIVITY] New schedule periods and assignments created - Schedule ID: 1, Blocks: 2
[2025-11-12 11:46:11] [ACTIVITY] Employee schedule updated successfully - Employee ID: MA22013613
[2025-11-15 19:40:53] [ACTIVITY] Employee schedule update request started
[2025-11-15 19:40:53] [ACTIVITY] Old schedule periods and assignments deleted - Schedule ID: 1
[2025-11-15 19:40:53] [ACTIVITY] New schedule periods and assignments created - Schedule ID: 1, Blocks: 2
[2025-11-15 19:40:53] [ACTIVITY] Employee schedule updated successfully - Employee ID: MA22013613
[2025-11-15 21:57:15] [ACTIVITY] Employee schedule update request started
[2025-11-15 21:57:15] [ACTIVITY] Old schedule periods and assignments deleted - Schedule ID: 1
[2025-11-15 21:57:15] [ACTIVITY] New schedule periods and assignments created - Schedule ID: 1, Blocks: 3
[2025-11-15 21:57:15] [ACTIVITY] Employee schedule updated successfully - Employee ID: MA22013613
[2025-11-16 01:56:37] [ACTIVITY] Employee schedule update request started
[2025-11-16 01:56:37] [ACTIVITY] Old schedule periods and assignments deleted - Schedule ID: 1
[2025-11-16 01:56:37] [ACTIVITY] New schedule periods and assignments created - Schedule ID: 1, Blocks: 2
[2025-11-16 01:56:37] [ACTIVITY] Employee schedule updated successfully - Employee ID: MA1234567890
[2025-11-16 02:31:58] [ACTIVITY] Employee schedule update request started
[2025-11-16 02:31:58] [ACTIVITY] Old schedule periods and assignments deleted - Schedule ID: 1
[2025-11-16 02:31:58] [ACTIVITY] No schedule data provided for update - Employee ID: 1
[2025-11-16 02:31:58] [ACTIVITY] Employee schedule updated successfully - Employee ID: MA1234567890
[2025-11-16 02:41:15] [ACTIVITY] Employee schedule update request started
[2025-11-16 02:41:15] [ACTIVITY] Old schedule periods and assignments deleted - Schedule ID: 1
[2025-11-16 02:41:15] [ACTIVITY] No schedule data provided for update - Employee ID: 1
[2025-11-16 02:41:15] [ACTIVITY] Employee schedule updated successfully - Employee ID: MA1234567890
[2025-11-16 15:58:51] [ACTIVITY] Employee schedule update request started
[2025-11-16 15:58:51] [ACTIVITY] Old schedule periods and assignments deleted - Schedule ID: 1
[2025-11-16 15:59:04] [ACTIVITY] Employee schedule update request started
[2025-11-16 15:59:04] [ACTIVITY] Old schedule periods and assignments deleted - Schedule ID: 1
[2025-11-16 16:35:58] [ACTIVITY] Employee schedule update request started
[2025-11-16 16:35:58] [ACTIVITY] Old schedule periods and assignments deleted - Schedule ID: 1
[2025-11-16 16:36:10] [ACTIVITY] Employee schedule update request started
[2025-11-16 16:36:10] [ACTIVITY] Old schedule periods and assignments deleted - Schedule ID: 1
[2025-11-16 16:39:56] [ACTIVITY] Employee schedule update request started
[2025-11-16 16:39:56] [ACTIVITY] Old schedule periods and assignments deleted - Schedule ID: 1
[2025-11-16 16:45:11] [ACTIVITY] Employee schedule update request started
[2025-11-16 16:45:11] [ACTIVITY] Old schedule periods and assignments deleted - Schedule ID: 1
[2025-11-16 16:45:13] [ACTIVITY] New schedule periods and assignments created - Schedule ID: 1, Blocks: 2
[2025-11-16 16:45:13] [ACTIVITY] Employee schedule updated successfully - Employee ID: MA22013614
[2025-11-16 17:14:10] [ACTIVITY] Employee schedule update request started
[2025-11-16 17:14:10] [ACTIVITY] Old schedule periods and assignments deleted - Schedule ID: 1
[2025-11-16 17:14:13] [ACTIVITY] New schedule periods and assignments created - Schedule ID: 1, Blocks: 2
[2025-11-16 17:14:13] [ACTIVITY] Employee schedule updated successfully - Employee ID: MA22013614
[2025-11-16 17:21:07] [ACTIVITY] Employee schedule update request started
[2025-11-16 17:21:07] [ACTIVITY] Old schedule periods and assignments deleted - Schedule ID: 1
[2025-11-16 17:21:10] [ACTIVITY] New schedule periods and assignments created - Schedule ID: 1, Blocks: 2
[2025-11-16 17:21:10] [ACTIVITY] Employee schedule updated successfully - Employee ID: MA22013614
[2025-11-16 17:25:55] [ACTIVITY] Employee schedule update request started
[2025-11-16 17:25:55] [ACTIVITY] Old schedule periods and assignments deleted - Schedule ID: 1
[2025-11-16 17:25:58] [ACTIVITY] New schedule periods and assignments created - Schedule ID: 1, Blocks: 3
[2025-11-16 17:25:58] [ACTIVITY] Employee schedule updated successfully - Employee ID: MA22013614
[2025-11-16 17:26:24] [ACTIVITY] Employee schedule update request started
[2025-11-16 17:26:24] [ACTIVITY] Old schedule periods and assignments deleted - Schedule ID: 1
[2025-11-16 17:26:27] [ACTIVITY] New schedule periods and assignments created - Schedule ID: 1, Blocks: 2
[2025-11-16 17:26:27] [ACTIVITY] Employee schedule updated successfully - Employee ID: MA22013614
[2025-11-16 17:29:16] [ACTIVITY] Employee schedule update request started
[2025-11-16 17:29:16] [ACTIVITY] Old schedule periods and assignments deleted - Schedule ID: 1
[2025-11-16 17:29:18] [ACTIVITY] New schedule periods and assignments created - Schedule ID: 1, Blocks: 2
[2025-11-16 17:29:18] [ACTIVITY] Employee schedule updated successfully - Employee ID: MA22013614
[2025-11-16 17:41:20] [ACTIVITY] Employee schedule update request started
[2025-11-16 17:41:22] [ACTIVITY] Old schedule periods and assignments deleted - Schedule ID: 1
[2025-11-16 17:41:24] [ACTIVITY] New schedule periods and assignments created - Schedule ID: 1, Blocks: 2
[2025-11-16 17:41:24] [ACTIVITY] Employee schedule updated successfully - Employee ID: MA22013614
[2025-11-16 17:42:42] [ACTIVITY] Employee schedule update request started
[2025-11-16 17:42:44] [ACTIVITY] Old schedule periods and assignments deleted - Schedule ID: 1
[2025-11-16 17:42:46] [ACTIVITY] New schedule periods and assignments created - Schedule ID: 1, Blocks: 2
[2025-11-16 17:42:46] [ACTIVITY] Employee schedule updated successfully - Employee ID: MA22013614
[2025-11-16 17:42:46] [ACTIVITY] Employee schedule update request started
[2025-11-16 17:42:48] [ACTIVITY] Old schedule periods and assignments deleted - Schedule ID: 1
[2025-11-16 17:42:50] [ACTIVITY] New schedule periods and assignments created - Schedule ID: 1, Blocks: 2
[2025-11-16 17:42:50] [ACTIVITY] Employee schedule updated successfully - Employee ID: MA22013614
[2025-11-16 17:52:16] [ACTIVITY] Employee schedule update request started
[2025-11-16 17:52:18] [ACTIVITY] Old schedule periods and assignments deleted - Schedule ID: 1
[2025-11-16 17:52:20] [ACTIVITY] New schedule periods and assignments created - Schedule ID: 1, Blocks: 2
[2025-11-16 17:52:20] [ACTIVITY] Employee schedule updated successfully - Employee ID: MA22013614
[2025-11-16 17:53:05] [ACTIVITY] Employee schedule update request started
[2025-11-16 17:53:07] [ACTIVITY] Old schedule periods and assignments deleted - Schedule ID: 1
[2025-11-16 17:53:09] [ACTIVITY] New schedule periods and assignments created - Schedule ID: 1, Blocks: 2
[2025-11-16 17:53:09] [ACTIVITY] Employee schedule updated successfully - Employee ID: MA22013614
[2025-11-16 18:02:15] [ACTIVITY] Employee schedule update request started
[2025-11-16 18:02:22] [ACTIVITY] Old schedule periods and assignments deleted - Schedule ID: 2
[2025-11-16 18:02:22] [ACTIVITY] No schedule data provided for update - Employee ID: 2
[2025-11-16 18:02:22] [ACTIVITY] Employee schedule updated successfully - Employee ID: MA22013364
